
> joki-blast-engine@0.1.0 test
> vitest run

node.exe : [33mThe CJS build of Vite's Node API is deprecated. See 
https://vite.dev/guide/troubleshooting.html#vite-cjs-node-api-deprecated for 
more details.[39m
At C:\nvm4w\nodejs\npm.ps1:16 char:5
+     & "$basedir/node$exe"  "$basedir/node_modules/npm/bin/npm-cli.js" ...
+     ~~~~~~~~~~~~~~~~~~~~~~~~~~~~~~~~~~~~~~~~~~~~~~~~~~~~~~~~~~~~~~~~~
    + CategoryInfo          : NotSpecified: ([33mThe CJS bu...e details.[39m 
   :String) [], RemoteException
    + FullyQualifiedErrorId : NativeCommandError
 

[7m[1m[36m RUN [39m[22m[27m [36mv1.6.1[39m [90mC:/Users/Administrator/joki-blast-engine[39m

[90mstdout[2m | new JobQueue (C:\Users\Administrator\joki-blast-engine\src\queue\job-queue.ts:48:13)[22m[39m
[JobQueue] initialized (in-memory path).

[90mstdout[2m | new JobQueue (C:\Users\Administrator\joki-blast-engine\src\queue\job-queue.ts:48:13)[22m[39m
[JobQueue] initialized (in-memory path).

[90mstdout[2m | new JobQueue (C:\Users\Administrator\joki-blast-engine\src\queue\job-queue.ts:48:13)[22m[39m
[JobQueue] initialized (in-memory path).

[90mstdout[2m | src/routes/functional.test.ts[2m > [22m[2mFunctional Tests: Individual Features[2m > [22m[2mCampaign CRUD[2m > [22m[2mshould create campaign with valid data[22m[39m
sqlite: applied migration 001_create_core_tables.sql
sqlite: applied migration 001_init.sql
sqlite: applied migration 002_add_template_type.sql
sqlite: applied migration 003_create_runtime_settings.sql
sqlite: applied migration 004_create_campaigns.sql
sqlite: applied migration 005_create_link_clicks.sql
sqlite: applied migration 006_create_leads.sql
[JobQueue] initialized (in-memory path).

[90mstdout[2m | src/routes/e2e.test.ts[2m > [22m[2mE2E Test: Full Marketing Campaign Workflow[2m > [22m[2mE2E: Admin creates account ΓåÆ campaign ΓåÆ blasts ΓåÆ tracks clicks ΓåÆ inbound lead ΓåÆ handoff[22m[39m
sqlite: applied migration 001_create_core_tables.sql
sqlite: applied migration 001_init.sql
sqlite: applied migration 002_add_template_type.sql
sqlite: applied migration 003_create_runtime_settings.sql
sqlite: applied migration 004_create_campaigns.sql
sqlite: applied migration 005_create_link_clicks.sql
sqlite: applied migration 006_create_leads.sql
[JobQueue] initialized (in-memory path).
Step 1: Create account...

[90mstdout[2m | src/routes/campaigns.integration.test.ts[2m > [22m[2mCampaign Integration Flow[2m > [22m[2mshould complete full blast funnel: create campaign ΓåÆ blast ΓåÆ verify posts[22m[39m
sqlite: applied migration 001_create_core_tables.sql
sqlite: applied migration 001_init.sql
sqlite: applied migration 002_add_template_type.sql
sqlite: applied migration 003_create_runtime_settings.sql
sqlite: applied migration 004_create_campaigns.sql
sqlite: applied migration 005_create_link_clicks.sql
sqlite: applied migration 006_create_leads.sql
[JobQueue] initialized (in-memory path).

[90mstdout[2m | src/routes/e2e.test.ts[2m > [22m[2mE2E Test: Full Marketing Campaign Workflow[2m > [22m[2mE2E: Admin creates account ΓåÆ campaign ΓåÆ blasts ΓåÆ tracks clicks ΓåÆ inbound lead ΓåÆ handoff[22m[39m
[AccountsRepo] create called { platform: [32m'twitter'[39m, display_name: [32m'marketing_admin'[39m }

[90mstdout[2m | src/routes/campaigns.integration.test.ts[2m > [22m[2mCampaign Integration Flow[2m > [22m[2mshould complete full blast funnel: create campaign ΓåÆ blast ΓåÆ verify posts[22m[39m
[AccountsRepo] create called { platform: [32m'twitter'[39m, display_name: [32m'test_user'[39m }

[90mstdout[2m | src/routes/e2e.test.ts[2m > [22m[2mE2E Test: Full Marketing Campaign Workflow[2m > [22m[2mE2E: Admin creates account ΓåÆ campaign ΓåÆ blasts ΓåÆ tracks clicks ΓåÆ inbound lead ΓåÆ handoff[22m[39m
Γ£ô Account created: e7781bda-df0e-4b66-bc00-1f320b109084
Step 2: Create campaign...

[90mstdout[2m | src/routes/e2e.test.ts[2m > [22m[2mE2E Test: Full Marketing Campaign Workflow[2m > [22m[2mE2E: Admin creates account ΓåÆ campaign ΓåÆ blasts ΓåÆ tracks clicks ΓåÆ inbound lead ΓåÆ handoff[22m[39m
Γ£ô Campaign created: 7b3f02f7-77b5-4705-9a85-f44958b6db83
Step 3: Trigger blast...

[90mstderr[2m | src/routes/e2e.test.ts[2m > [22m[2mE2E Test: Full 
Marketing Campaign Workflow[2m > [22m[2mE2E: Admin creates account ΓåÆ 
campaign ΓåÆ blasts ΓåÆ tracks clicks ΓåÆ inbound lead ΓåÆ handoff[22m[39m
[JobQueue] No processor registered; skipping item job-1777438800926-7ktulw
[JobQueue] No processor registered; skipping item job-1777438800942-2mwioy

[90mstdout[2m | src/routes/e2e.test.ts[2m > [22m[2mE2E Test: Full Marketing Campaign Workflow[2m > [22m[2mE2E: Admin creates account ΓåÆ campaign ΓåÆ blasts ΓåÆ tracks clicks ΓåÆ inbound lead ΓåÆ handoff[22m[39m
[JobQueue] Enqueue PostJob id=job-1777438800926-7ktulw platform=twitter
[JobQueue] Scheduling processing for PostJob id=job-1777438800926-7ktulw
[JobQueue] Enqueue PostJob id=job-1777438800942-2mwioy platform=instagram
[JobQueue] Scheduling processing for PostJob id=job-1777438800942-2mwioy
[JobQueue] processNext started. Queue size: [33m2[39m
[JobQueue] processNext finished. InFlight reset.
[JobQueue] processNext started. Queue size: [33m0[39m
[JobQueue] processNext finished. InFlight reset.
Γ£ô Blast triggered, 2 posts created
Step 4: Verify posts created...

[90mstdout[2m | src/routes/functional.test.ts[2m > [22m[2mFunctional Tests: Individual Features[2m > [22m[2mCampaign CRUD[2m > [22m[2mshould reject campaign without name[22m[39m
sqlite: applied migration 001_create_core_tables.sql
sqlite: applied migration 001_init.sql
sqlite: applied migration 002_add_template_type.sql
sqlite: applied migration 003_create_runtime_settings.sql
sqlite: applied migration 004_create_campaigns.sql
sqlite: applied migration 005_create_link_clicks.sql
sqlite: applied migration 006_create_leads.sql
[JobQueue] initialized (in-memory path).

[90mstderr[2m | src/routes/e2e.test.ts[2m > [22m[2mE2E Test: Full 
Marketing Campaign Workflow[2m > [22m[2mE2E: Admin creates account ΓåÆ 
campaign ΓåÆ blasts ΓåÆ tracks clicks ΓåÆ inbound lead ΓåÆ handoff[22m[39m
<empty line>
[90mstdout[2m | src/routes/e2e.test.ts[2m > [22m[2mE2E Test: Full Marketing Campaign Workflow[2m > [22m[2mE2E: Admin creates account ΓåÆ campaign ΓåÆ blasts ΓåÆ tracks clicks ΓåÆ inbound lead ΓåÆ handoff[22m[39m
Γ£ô Posts verified: twitter, instagram
Step 5: Simulate click tracking...

[90mstderr[2m | src/routes/campaigns.integration.test.ts[2m > 
[22m[2mCampaign Integration Flow[2m > [22m[2mshould complete full blast 
funnel: create campaign ΓåÆ blast ΓåÆ verify posts[22m[39m
[JobQueue] No processor registered; skipping item job-1777438800977-vnd744
[JobQueue] No processor registered; skipping item job-1777438800987-3v854w

[90mstdout[2m | src/routes/campaigns.integration.test.ts[2m > [22m[2mCampaign Integration Flow[2m > [22m[2mshould complete full blast funnel: create campaign ΓåÆ blast ΓåÆ verify posts[22m[39m
[JobQueue] Enqueue PostJob id=job-1777438800977-vnd744 platform=twitter
[JobQueue] Scheduling processing for PostJob id=job-1777438800977-vnd744
[JobQueue] Enqueue PostJob id=job-1777438800987-3v854w platform=instagram
[JobQueue] Scheduling processing for PostJob id=job-1777438800987-3v854w
[JobQueue] processNext started. Queue size: [33m2[39m
[JobQueue] processNext finished. InFlight reset.
[JobQueue] processNext started. Queue size: [33m0[39m
[JobQueue] processNext finished. InFlight reset.

[90mstderr[2m | src/routes/e2e.test.ts[2m > [22m[2mE2E Test: Full 
Marketing Campaign Workflow[2m > [22m[2mE2E: Admin creates account ΓåÆ 
campaign ΓåÆ blasts ΓåÆ tracks clicks ΓåÆ inbound lead ΓåÆ handoff[22m[39m
<empty line>
[90mstdout[2m | src/routes/e2e.test.ts[2m > [22m[2mE2E Test: Full Marketing Campaign Workflow[2m > [22m[2mE2E: Admin creates account ΓåÆ campaign ΓåÆ blasts ΓåÆ tracks clicks ΓåÆ inbound lead ΓåÆ handoff[22m[39m
Γ£ô Tracking stats endpoint ready
Step 6: Simulate inbound WhatsApp message...

[90mstderr[2m | src/routes/e2e.test.ts[2m > [22m[2mE2E Test: Full 
Marketing Campaign Workflow[2m > [22m[2mE2E: Admin creates account ΓåÆ 
campaign ΓåÆ blasts ΓåÆ tracks clicks ΓåÆ inbound lead ΓåÆ handoff[22m[39m
<empty line>
[90mstdout[2m | src/routes/e2e.test.ts[2m > [22m[2mE2E Test: Full Marketing Campaign Workflow[2m > [22m[2mE2E: Admin creates account ΓåÆ campaign ΓåÆ blasts ΓåÆ tracks clicks ΓåÆ inbound lead ΓåÆ handoff[22m[39m
[JobQueue] Enqueue PostJob id=job-1777438801060-cripd0 platform=whatsapp
[JobQueue] Scheduling processing for PostJob id=job-1777438801060-cripd0

[90mstdout[2m | src/routes/e2e.test.ts[2m > [22m[2mE2E Test: Full Marketing Campaign Workflow[2m > [22m[2mE2E: Admin creates account ΓåÆ campaign ΓåÆ blasts ΓåÆ tracks clicks ΓåÆ inbound lead ΓåÆ handoff[22m[39m
[JobQueue] processNext started. Queue size: [33m1[39m
[JobQueue] processNext finished. InFlight reset.
Γ£ô Inbound WhatsApp message processed
Step 7: Check lead status...

[90mstderr[2m | src/routes/e2e.test.ts[2m > [22m[2mE2E Test: Full 
Marketing Campaign Workflow[2m > [22m[2mE2E: Admin creates account ΓåÆ 
campaign ΓåÆ blasts ΓåÆ tracks clicks ΓåÆ inbound lead ΓåÆ handoff[22m[39m
[JobQueue] No processor registered; skipping item job-1777438801060-cripd0

[90mstdout[2m | src/routes/functional.test.ts[2m > [22m[2mFunctional Tests: Individual Features[2m > [22m[2mCampaign CRUD[2m > [22m[2mshould reject campaign with empty platforms[22m[39m
sqlite: applied migration 001_create_core_tables.sql
sqlite: applied migration 001_init.sql
sqlite: applied migration 002_add_template_type.sql
sqlite: applied migration 003_create_runtime_settings.sql
sqlite: applied migration 004_create_campaigns.sql
sqlite: applied migration 005_create_link_clicks.sql
sqlite: applied migration 006_create_leads.sql
[JobQueue] initialized (in-memory path).

[90mstderr[2m | src/routes/e2e.test.ts[2m > [22m[2mE2E Test: Full 
Marketing Campaign Workflow[2m > [22m[2mE2E: Admin creates account ΓåÆ 
campaign ΓåÆ blasts ΓåÆ tracks clicks ΓåÆ inbound lead ΓåÆ handoff[22m[39m
<empty line>
[90mstdout[2m | src/routes/e2e.test.ts[2m > [22m[2mE2E Test: Full Marketing Campaign Workflow[2m > [22m[2mE2E: Admin creates account ΓåÆ campaign ΓåÆ blasts ΓåÆ tracks clicks ΓåÆ inbound lead ΓåÆ handoff[22m[39m
Γ£ô Lead created and welcome sent: 62812345678
Step 8: Test idempotency (no duplicate welcome)...

[90mstdout[2m | src/routes/campaigns.integration.test.ts[2m > [22m[2mCampaign Integration Flow[2m > [22m[2mshould track clicks on campaign links[22m[39m
sqlite: applied migration 001_create_core_tables.sql
sqlite: applied migration 001_init.sql
sqlite: applied migration 002_add_template_type.sql
sqlite: applied migration 003_create_runtime_settings.sql
sqlite: applied migration 004_create_campaigns.sql
sqlite: applied migration 005_create_link_clicks.sql
sqlite: applied migration 006_create_leads.sql
[JobQueue] initialized (in-memory path).

[90mstdout[2m | src/routes/functional.test.ts[2m > [22m[2mFunctional Tests: Individual Features[2m > [22m[2mCampaign CRUD[2m > [22m[2mshould list campaigns[22m[39m
sqlite: applied migration 001_create_core_tables.sql
sqlite: applied migration 001_init.sql
sqlite: applied migration 002_add_template_type.sql
sqlite: applied migration 003_create_runtime_settings.sql
sqlite: applied migration 004_create_campaigns.sql
sqlite: applied migration 005_create_link_clicks.sql
sqlite: applied migration 006_create_leads.sql
[JobQueue] initialized (in-memory path).

[90mstderr[2m | src/routes/e2e.test.ts[2m > [22m[2mE2E Test: Full 
Marketing Campaign Workflow[2m > [22m[2mE2E: Admin creates account ΓåÆ 
campaign ΓåÆ blasts ΓåÆ tracks clicks ΓåÆ inbound lead ΓåÆ handoff[22m[39m
<empty line>
[90mstdout[2m | src/routes/e2e.test.ts[2m > [22m[2mE2E Test: Full Marketing Campaign Workflow[2m > [22m[2mE2E: Admin creates account ΓåÆ campaign ΓåÆ blasts ΓåÆ tracks clicks ΓåÆ inbound lead ΓåÆ handoff[22m[39m
Γ£ô Idempotency verified: no duplicate welcome sent

Γ£à E2E Test Complete: Full workflow from campaign to handoff

[90mstdout[2m | src/routes/e2e.test.ts[2m > [22m[2mE2E Test: Full Marketing Campaign Workflow[2m > [22m[2mE2E: Telegram inbound workflow[22m[39m
sqlite: applied migration 001_create_core_tables.sql
sqlite: applied migration 001_init.sql
sqlite: applied migration 002_add_template_type.sql
sqlite: applied migration 003_create_runtime_settings.sql
sqlite: applied migration 004_create_campaigns.sql
sqlite: applied migration 005_create_link_clicks.sql
sqlite: applied migration 006_create_leads.sql
[JobQueue] initialized (in-memory path).

[90mstdout[2m | src/routes/e2e.test.ts[2m > [22m[2mE2E Test: Full Marketing Campaign Workflow[2m > [22m[2mE2E: Telegram inbound workflow[22m[39m
[AccountsRepo] create called { platform: [32m'telegram'[39m, display_name: [32m'telegram_bot'[39m }

[90mstdout[2m | src/routes/campaigns.integration.test.ts[2m > [22m[2mCampaign Integration Flow[2m > [22m[2mshould list campaigns with their posts[22m[39m
sqlite: applied migration 001_create_core_tables.sql
sqlite: applied migration 001_init.sql
sqlite: applied migration 002_add_template_type.sql
sqlite: applied migration 003_create_runtime_settings.sql
sqlite: applied migration 004_create_campaigns.sql
sqlite: applied migration 005_create_link_clicks.sql
sqlite: applied migration 006_create_leads.sql
[JobQueue] initialized (in-memory path).

[90mstdout[2m | src/routes/e2e.test.ts[2m > [22m[2mE2E Test: Full Marketing Campaign Workflow[2m > [22m[2mE2E: Telegram inbound workflow[22m[39m
[JobQueue] Enqueue PostJob id=job-1777438801233-mbbjaj platform=telegram
[JobQueue] Scheduling processing for PostJob id=job-1777438801233-mbbjaj

[90mstderr[2m | src/routes/e2e.test.ts[2m > [22m[2mE2E Test: Full 
Marketing Campaign Workflow[2m > [22m[2mE2E: Telegram inbound 
workflow[22m[39m
[JobQueue] No processor registered; skipping item job-1777438801233-mbbjaj

[90mstdout[2m | src/routes/e2e.test.ts[2m > [22m[2mE2E Test: Full Marketing Campaign Workflow[2m > [22m[2mE2E: Telegram inbound workflow[22m[39m
[JobQueue] processNext started. Queue size: [33m1[39m
[JobQueue] processNext finished. InFlight reset.
Γ£ô Telegram inbound test passed

 [32mΓ£ô[39m src/routes/e2e.test.ts [2m ([22m[2m2 tests[22m[2m)[22m[33m 1065[2mms[22m[39m
[90mstdout[2m | src/routes/functional.test.ts[2m > [22m[2mFunctional Tests: Individual Features[2m > [22m[2mCampaign CRUD[2m > [22m[2mshould get campaign by id[22m[39m
sqlite: applied migration 001_create_core_tables.sql
sqlite: applied migration 001_init.sql
sqlite: applied migration 002_add_template_type.sql
sqlite: applied migration 003_create_runtime_settings.sql
sqlite: applied migration 004_create_campaigns.sql
sqlite: applied migration 005_create_link_clicks.sql
sqlite: applied migration 006_create_leads.sql
[JobQueue] initialized (in-memory path).

[90mstdout[2m | src/routes/campaigns.integration.test.ts[2m > [22m[2mCampaign Integration Flow[2m > [22m[2mshould handle campaign deletion[22m[39m
sqlite: applied migration 001_create_core_tables.sql
sqlite: applied migration 001_init.sql
sqlite: applied migration 002_add_template_type.sql
sqlite: applied migration 003_create_runtime_settings.sql
sqlite: applied migration 004_create_campaigns.sql
sqlite: applied migration 005_create_link_clicks.sql
sqlite: applied migration 006_create_leads.sql
[JobQueue] initialized (in-memory path).

[90mstdout[2m | src/routes/functional.test.ts[2m > [22m[2mFunctional Tests: Individual Features[2m > [22m[2mCampaign CRUD[2m > [22m[2mshould return 404 for unknown campaign[22m[39m
sqlite: applied migration 001_create_core_tables.sql
sqlite: applied migration 001_init.sql
sqlite: applied migration 002_add_template_type.sql
sqlite: applied migration 003_create_runtime_settings.sql
sqlite: applied migration 004_create_campaigns.sql
sqlite: applied migration 005_create_link_clicks.sql
sqlite: applied migration 006_create_leads.sql
[JobQueue] initialized (in-memory path).

 [32mΓ£ô[39m src/routes/campaigns.integration.test.ts [2m ([22m[2m4 tests[22m[2m)[22m[33m 1188[2mms[22m[39m
[90mstdout[2m | src/routes/functional.test.ts[2m > [22m[2mFunctional Tests: Individual Features[2m > [22m[2mAccount Management[2m > [22m[2mshould create account[22m[39m
sqlite: applied migration 001_create_core_tables.sql
sqlite: applied migration 001_init.sql
sqlite: applied migration 002_add_template_type.sql
sqlite: applied migration 003_create_runtime_settings.sql
sqlite: applied migration 004_create_campaigns.sql
sqlite: applied migration 005_create_link_clicks.sql
sqlite: applied migration 006_create_leads.sql
[JobQueue] initialized (in-memory path).

[90mstdout[2m | src/routes/functional.test.ts[2m > [22m[2mFunctional Tests: Individual Features[2m > [22m[2mAccount Management[2m > [22m[2mshould create account[22m[39m
[AccountsRepo] create called { platform: [32m'twitter'[39m, display_name: [32m'testuser'[39m }

[90mstdout[2m | src/routes/functional.test.ts[2m > [22m[2mFunctional Tests: Individual Features[2m > [22m[2mAccount Management[2m > [22m[2mshould list accounts[22m[39m
sqlite: applied migration 001_create_core_tables.sql
sqlite: applied migration 001_init.sql
sqlite: applied migration 002_add_template_type.sql
sqlite: applied migration 003_create_runtime_settings.sql
sqlite: applied migration 004_create_campaigns.sql
sqlite: applied migration 005_create_link_clicks.sql
sqlite: applied migration 006_create_leads.sql
[JobQueue] initialized (in-memory path).

[90mstdout[2m | src/routes/functional.test.ts[2m > [22m[2mFunctional Tests: Individual Features[2m > [22m[2mAccount Management[2m > [22m[2mshould delete account[22m[39m
sqlite: applied migration 001_create_core_tables.sql
sqlite: applied migration 001_init.sql
sqlite: applied migration 002_add_template_type.sql
sqlite: applied migration 003_create_runtime_settings.sql
sqlite: applied migration 004_create_campaigns.sql
sqlite: applied migration 005_create_link_clicks.sql
sqlite: applied migration 006_create_leads.sql
[JobQueue] initialized (in-memory path).

[90mstdout[2m | src/routes/functional.test.ts[2m > [22m[2mFunctional Tests: Individual Features[2m > [22m[2mAccount Management[2m > [22m[2mshould delete account[22m[39m
[AccountsRepo] create called { platform: [32m'twitter'[39m, display_name: [32m'testuser'[39m }

[90mstdout[2m | src/routes/functional.test.ts[2m > [22m[2mFunctional Tests: Individual Features[2m > [22m[2mTracking[2m > [22m[2mshould return 404 for invalid tracking token[22m[39m
sqlite: applied migration 001_create_core_tables.sql
sqlite: applied migration 001_init.sql
sqlite: applied migration 002_add_template_type.sql
sqlite: applied migration 003_create_runtime_settings.sql
sqlite: applied migration 004_create_campaigns.sql
sqlite: applied migration 005_create_link_clicks.sql
sqlite: applied migration 006_create_leads.sql
[JobQueue] initialized (in-memory path).

[90mstdout[2m | src/routes/functional.test.ts[2m > [22m[2mFunctional Tests: Individual Features[2m > [22m[2mTracking[2m > [22m[2mshould return stats for campaign[22m[39m
sqlite: applied migration 001_create_core_tables.sql
sqlite: applied migration 001_init.sql
sqlite: applied migration 002_add_template_type.sql
sqlite: applied migration 003_create_runtime_settings.sql
sqlite: applied migration 004_create_campaigns.sql
sqlite: applied migration 005_create_link_clicks.sql
sqlite: applied migration 006_create_leads.sql
[JobQueue] initialized (in-memory path).

[90mstdout[2m | src/routes/functional.test.ts[2m > [22m[2mFunctional Tests: Individual Features[2m > [22m[2mWebhooks[2m > [22m[2mshould return leads list[22m[39m
sqlite: applied migration 001_create_core_tables.sql
sqlite: applied migration 001_init.sql
sqlite: applied migration 002_add_template_type.sql
sqlite: applied migration 003_create_runtime_settings.sql
sqlite: applied migration 004_create_campaigns.sql
sqlite: applied migration 005_create_link_clicks.sql
sqlite: applied migration 006_create_leads.sql
[JobQueue] initialized (in-memory path).

[90mstdout[2m | src/routes/functional.test.ts[2m > [22m[2mFunctional Tests: Individual Features[2m > [22m[2mWebhooks[2m > [22m[2mshould handle WhatsApp inbound (POST)[22m[39m
sqlite: applied migration 001_create_core_tables.sql
sqlite: applied migration 001_init.sql
sqlite: applied migration 002_add_template_type.sql
sqlite: applied migration 003_create_runtime_settings.sql
sqlite: applied migration 004_create_campaigns.sql
sqlite: applied migration 005_create_link_clicks.sql
sqlite: applied migration 006_create_leads.sql
[JobQueue] initialized (in-memory path).

[90mstdout[2m | src/routes/functional.test.ts[2m > [22m[2mFunctional Tests: Individual Features[2m > [22m[2mWebhooks[2m > [22m[2mshould handle Telegram inbound (POST)[22m[39m
sqlite: applied migration 001_create_core_tables.sql
sqlite: applied migration 001_init.sql
sqlite: applied migration 002_add_template_type.sql
sqlite: applied migration 003_create_runtime_settings.sql
sqlite: applied migration 004_create_campaigns.sql
sqlite: applied migration 005_create_link_clicks.sql
sqlite: applied migration 006_create_leads.sql
[JobQueue] initialized (in-memory path).

[90mstdout[2m | src/routes/functional.test.ts[2m > [22m[2mFunctional Tests: Individual Features[2m > [22m[2mWebhooks[2m > [22m[2mshould handle Telegram inbound (POST)[22m[39m
[JobQueue] Enqueue PostJob id=job-1777438801974-ti25xm platform=telegram
[JobQueue] Scheduling processing for PostJob id=job-1777438801974-ti25xm

[90mstderr[2m | src/routes/functional.test.ts[2m > [22m[2mFunctional 
Tests: Individual Features[2m > [22m[2mWebhooks[2m > [22m[2mshould 
handle Telegram inbound (POST)[22m[39m
[JobQueue] No processor registered; skipping item job-1777438801974-ti25xm

[90mstdout[2m | src/routes/functional.test.ts[2m > [22m[2mFunctional Tests: Individual Features[2m > [22m[2mWebhooks[2m > [22m[2mshould handle Telegram inbound (POST)[22m[39m
[JobQueue] processNext started. Queue size: [33m1[39m
[JobQueue] processNext finished. InFlight reset.

[90mstdout[2m | src/routes/functional.test.ts[2m > [22m[2mFunctional Tests: Individual Features[2m > [22m[2mCampaign Blast[2m > [22m[2mshould enqueue jobs when blasting[22m[39m
sqlite: applied migration 001_create_core_tables.sql
sqlite: applied migration 001_init.sql
sqlite: applied migration 002_add_template_type.sql
sqlite: applied migration 003_create_runtime_settings.sql
sqlite: applied migration 004_create_campaigns.sql
sqlite: applied migration 005_create_link_clicks.sql
sqlite: applied migration 006_create_leads.sql
[JobQueue] initialized (in-memory path).

[90mstdout[2m | src/routes/functional.test.ts[2m > [22m[2mFunctional Tests: Individual Features[2m > [22m[2mCampaign Blast[2m > [22m[2mshould enqueue jobs when blasting[22m[39m
[AccountsRepo] create called { platform: [32m'twitter'[39m, display_name: [32m'testuser'[39m }

[90mstderr[2m | src/routes/functional.test.ts[2m > [22m[2mFunctional 
Tests: Individual Features[2m > [22m[2mCampaign Blast[2m > [22m[2mshould 
enqueue jobs when blasting[22m[39m
[JobQueue] No processor registered; skipping item job-1777438802026-3y7jui
[JobQueue] No processor registered; skipping item job-1777438802028-nmymge

[90mstdout[2m | src/routes/functional.test.ts[2m > [22m[2mFunctional Tests: Individual Features[2m > [22m[2mCampaign Blast[2m > [22m[2mshould enqueue jobs when blasting[22m[39m
[JobQueue] Enqueue PostJob id=job-1777438802026-3y7jui platform=twitter
[JobQueue] Scheduling processing for PostJob id=job-1777438802026-3y7jui
[JobQueue] Enqueue PostJob id=job-1777438802028-nmymge platform=instagram
[JobQueue] Scheduling processing for PostJob id=job-1777438802028-nmymge
[JobQueue] processNext started. Queue size: [33m2[39m
[JobQueue] processNext finished. InFlight reset.
[JobQueue] processNext started. Queue size: [33m0[39m
[JobQueue] processNext finished. InFlight reset.

 [32mΓ£ô[39m src/routes/functional.test.ts [2m ([22m[2m15 tests[22m[2m)[22m[33m 1859[2mms[22m[39m
[90mstdout[2m | new JobQueue (C:\Users\Administrator\joki-blast-engine\src\queue\job-queue.ts:48:13)[22m[39m
[JobQueue] initialized (in-memory path).

[90mstdout[2m | src/routes/webhooks.test.ts[2m > [22m[2mWebhooks: WAHA inbound[2m > [22m[2mprocesses inbound message and creates lead[22m[39m
sqlite: applied migration 001_create_core_tables.sql
sqlite: applied migration 001_init.sql
sqlite: applied migration 002_add_template_type.sql
sqlite: applied migration 003_create_runtime_settings.sql
sqlite: applied migration 004_create_campaigns.sql
sqlite: applied migration 005_create_link_clicks.sql
sqlite: applied migration 006_create_leads.sql

[90mstdout[2m | new JobQueue (C:\Users\Administrator\joki-blast-engine\src\queue\job-queue.ts:48:13)[22m[39m
[JobQueue] initialized (in-memory path).

[90mstdout[2m | src/routes/webhooks.test.ts[2m > [22m[2mWebhooks: WAHA inbound[2m > [22m[2mskips non-message events[22m[39m
sqlite: applied migration 001_create_core_tables.sql
sqlite: applied migration 001_init.sql
sqlite: applied migration 002_add_template_type.sql
sqlite: applied migration 003_create_runtime_settings.sql
sqlite: applied migration 004_create_campaigns.sql
sqlite: applied migration 005_create_link_clicks.sql
sqlite: applied migration 006_create_leads.sql

[90mstdout[2m | src/routes/happy-path.test.ts[2m > [22m[2mHappy Path Flow Test: Success Scenario[2m > [22m[2mHappy Path: Complete successful campaign flow[22m[39m
sqlite: applied migration 001_create_core_tables.sql
sqlite: applied migration 001_init.sql
sqlite: applied migration 002_add_template_type.sql
sqlite: applied migration 003_create_runtime_settings.sql
sqlite: applied migration 004_create_campaigns.sql
sqlite: applied migration 005_create_link_clicks.sql
sqlite: applied migration 006_create_leads.sql
[JobQueue] initialized (in-memory path).

≡ƒÜÇ Starting Happy Path Flow Test

≡ƒô¥ Step 1: Creating account...

[90mstdout[2m | src/routes/webhooks.test.ts[2m > [22m[2mWebhooks: WAHA inbound[2m > [22m[2mreturns 400 for missing from field[22m[39m
sqlite: applied migration 001_create_core_tables.sql
sqlite: applied migration 001_init.sql
sqlite: applied migration 002_add_template_type.sql
sqlite: applied migration 003_create_runtime_settings.sql
sqlite: applied migration 004_create_campaigns.sql
sqlite: applied migration 005_create_link_clicks.sql
sqlite: applied migration 006_create_leads.sql

[90mstdout[2m | src/routes/happy-path.test.ts[2m > [22m[2mHappy Path Flow Test: Success Scenario[2m > [22m[2mHappy Path: Complete successful campaign flow[22m[39m
[AccountsRepo] create called { platform: [32m'twitter'[39m, display_name: [32m'happypath_user'[39m }

[90mstdout[2m | src/routes/happy-path.test.ts[2m > [22m[2mHappy Path Flow Test: Success Scenario[2m > [22m[2mHappy Path: Complete successful campaign flow[22m[39m
   Γ£ô Account ID: 46862a99-80bd-4628-9969-c776ffc28496

≡ƒô¥ Step 2: Creating campaign...

[90mstdout[2m | src/routes/webhooks.test.ts[2m > [22m[2mWebhooks: WAHA inbound[2m > [22m[2msends welcome only once for same contact[22m[39m
sqlite: applied migration 001_create_core_tables.sql
sqlite: applied migration 001_init.sql
sqlite: applied migration 002_add_template_type.sql
sqlite: applied migration 003_create_runtime_settings.sql
sqlite: applied migration 004_create_campaigns.sql
sqlite: applied migration 005_create_link_clicks.sql
sqlite: applied migration 006_create_leads.sql

[90mstdout[2m | src/routes/happy-path.test.ts[2m > [22m[2mHappy Path Flow Test: Success Scenario[2m > [22m[2mHappy Path: Complete successful campaign flow[22m[39m
   Γ£ô Campaign ID: bdfa7341-0615-43cf-a8b3-54167fb14b70
   Γ£ô Name: Happy Path Campaign
   Γ£ô Status: draft

≡ƒô¥ Step 3: Verifying campaign...

[90mstdout[2m | src/routes/happy-path.test.ts[2m > [22m[2mHappy Path Flow Test: Success Scenario[2m > [22m[2mHappy Path: Complete successful campaign flow[22m[39m
   Γ£ô Campaign retrieved
   Γ£ô Content: "This is a happy path test campaign"

≡ƒô¥ Step 4: Blasting campaign...

[90mstderr[2m | src/routes/happy-path.test.ts[2m > [22m[2mHappy Path Flow 
Test: Success Scenario[2m > [22m[2mHappy Path: Complete successful campaign 
flow[22m[39m
[JobQueue] No processor registered; skipping item job-1777438803211-9hzot4
[JobQueue] No processor registered; skipping item job-1777438803212-951f03
[JobQueue] No processor registered; skipping item job-1777438803212-35gmxy

[90mstdout[2m | src/routes/happy-path.test.ts[2m > [22m[2mHappy Path Flow Test: Success Scenario[2m > [22m[2mHappy Path: Complete successful campaign flow[22m[39m
[JobQueue] Enqueue PostJob id=job-1777438803211-9hzot4 platform=twitter
[JobQueue] Scheduling processing for PostJob id=job-1777438803211-9hzot4
[JobQueue] Enqueue PostJob id=job-1777438803212-951f03 platform=instagram
[JobQueue] Scheduling processing for PostJob id=job-1777438803212-951f03
[JobQueue] Enqueue PostJob id=job-1777438803212-35gmxy platform=facebook
[JobQueue] Scheduling processing for PostJob id=job-1777438803212-35gmxy
[JobQueue] processNext started. Queue size: [33m3[39m
[JobQueue] processNext finished. InFlight reset.
[JobQueue] processNext started. Queue size: [33m0[39m
[JobQueue] processNext finished. InFlight reset.
[JobQueue] processNext started. Queue size: [33m0[39m
[JobQueue] processNext finished. InFlight reset.
   Γ£ô Blast accepted (status 202)
   Γ£ô Posts created: 3

≡ƒô¥ Step 5: Verifying posts...

[90mstderr[2m | src/routes/happy-path.test.ts[2m > [22m[2mHappy Path Flow 
Test: Success Scenario[2m > [22m[2mHappy Path: Complete successful campaign 
flow[22m[39m
<empty line>
[90mstdout[2m | src/routes/happy-path.test.ts[2m > [22m[2mHappy Path Flow Test: Success Scenario[2m > [22m[2mHappy Path: Complete successful campaign flow[22m[39m
   Γ£ô Total posts: 3
     Post 1: twitter (pending)
     Post 2: instagram (pending)
     Post 3: facebook (pending)

≡ƒô¥ Step 6: Checking tracking setup...

[90mstdout[2m | src/routes/happy-path.test.ts[2m > [22m[2mHappy Path Flow Test: Success Scenario[2m > [22m[2mHappy Path: Complete successful campaign flow[22m[39m
   Γ£ô Campaign ID tracked: bdfa7341-0615-43cf-a8b3-54167fb14b70
   Γ£ô Click data structure ready: []

≡ƒô¥ Step 7: Simulating inbound WhatsApp message...

[90mstdout[2m | src/routes/webhooks.test.ts[2m > [22m[2mWebhooks: Telegram inbound[2m > [22m[2mprocesses inbound message and creates lead[22m[39m
sqlite: applied migration 001_create_core_tables.sql
sqlite: applied migration 001_init.sql
sqlite: applied migration 002_add_template_type.sql
sqlite: applied migration 003_create_runtime_settings.sql
sqlite: applied migration 004_create_campaigns.sql
sqlite: applied migration 005_create_link_clicks.sql
sqlite: applied migration 006_create_leads.sql

[90mstdout[2m | src/routes/happy-path.test.ts[2m > [22m[2mHappy Path Flow Test: Success Scenario[2m > [22m[2mHappy Path: Complete successful campaign flow[22m[39m
   Γ£ô Inbound received (status: 400)

≡ƒô¥ Step 8: Verifying lead creation...

[90mstderr[2m | src/routes/happy-path.test.ts[2m > [22m[2mHappy Path Flow 
Test: Success Scenario[2m > [22m[2mHappy Path: Complete successful campaign 
flow[22m[39m
<empty line>
[90mstderr[2m | src/routes/happy-path.test.ts[2m > [22m[2mHappy Path Flow 
Test: Success Scenario[2m > [22m[2mHappy Path: Complete successful campaign 
flow[22m[39m
<empty line>
[90mstderr[2m | src/routes/happy-path.test.ts[2m > [22m[2mHappy Path Flow 
Test: Success Scenario[2m > [22m[2mHappy Path: Complete successful campaign 
flow[22m[39m
<empty line>
[90mstdout[2m | src/routes/happy-path.test.ts[2m > [22m[2mHappy Path Flow Test: Success Scenario[2m > [22m[2mHappy Path: Complete successful campaign flow[22m[39m
   Γ£ô Leads endpoint: 0 lead(s)

≡ƒô¥ Step 9: Listing all campaigns...

[90mstderr[2m | src/routes/happy-path.test.ts[2m > [22m[2mHappy Path Flow 
Test: Success Scenario[2m > [22m[2mHappy Path: Complete successful campaign 
flow[22m[39m
<empty line>
[90mstdout[2m | src/routes/happy-path.test.ts[2m > [22m[2mHappy Path Flow Test: Success Scenario[2m > [22m[2mHappy Path: Complete successful campaign flow[22m[39m
   Γ£ô Total campaigns: 1

============================================================
Γ£à HAPPY PATH FLOW TEST: ALL STEPS PASSED
============================================================
Summary:
  ΓåÆ Account created: 46862a99-80bd-4628-9969-c776ffc28496
  ΓåÆ Campaign created: bdfa7341-0615-43cf-a8b3-54167fb14b70
  ΓåÆ Posts blasted: 3
  ΓåÆ Tracking setup: READY
  ΓåÆ Inbound handled: YES
  ΓåÆ Lead created: NO
============================================================


 [32mΓ£ô[39m src/routes/happy-path.test.ts [2m ([22m[2m1 test[22m[2m)[22m[33m 556[2mms[22m[39m
[90mstdout[2m | src/routes/webhooks.test.ts[2m > [22m[2mWebhooks: Telegram inbound[2m > [22m[2mreturns 400 for missing chat.id[22m[39m
sqlite: applied migration 001_create_core_tables.sql
sqlite: applied migration 001_init.sql
sqlite: applied migration 002_add_template_type.sql
sqlite: applied migration 003_create_runtime_settings.sql
sqlite: applied migration 004_create_campaigns.sql
sqlite: applied migration 005_create_link_clicks.sql
sqlite: applied migration 006_create_leads.sql

[90mstdout[2m | src/routes/campaigns.test.ts[2m > [22m[2mCampaigns API[2m > [22m[2mPOST / creates a campaign[22m[39m
sqlite: applied migration 001_create_core_tables.sql
sqlite: applied migration 001_init.sql
sqlite: applied migration 002_add_template_type.sql
sqlite: applied migration 003_create_runtime_settings.sql
sqlite: applied migration 004_create_campaigns.sql
sqlite: applied migration 005_create_link_clicks.sql
sqlite: applied migration 006_create_leads.sql

[90mstdout[2m | src/routes/webhooks.test.ts[2m > [22m[2mWebhooks: GET /leads[2m > [22m[2mreturns leads list[22m[39m
sqlite: applied migration 001_create_core_tables.sql
sqlite: applied migration 001_init.sql
sqlite: applied migration 002_add_template_type.sql
sqlite: applied migration 003_create_runtime_settings.sql
sqlite: applied migration 004_create_campaigns.sql
sqlite: applied migration 005_create_link_clicks.sql
sqlite: applied migration 006_create_leads.sql

 [32mΓ£ô[39m src/routes/webhooks.test.ts [2m ([22m[2m7 tests[22m[2m)[22m[33m 940[2mms[22m[39m
[90mstdout[2m | src/routes/campaigns.test.ts[2m > [22m[2mCampaigns API[2m > [22m[2mPOST / returns 400 on missing name[22m[39m
sqlite: applied migration 001_create_core_tables.sql
sqlite: applied migration 001_init.sql
sqlite: applied migration 002_add_template_type.sql
sqlite: applied migration 003_create_runtime_settings.sql
sqlite: applied migration 004_create_campaigns.sql
sqlite: applied migration 005_create_link_clicks.sql
sqlite: applied migration 006_create_leads.sql

[90mstdout[2m | src/routes/campaigns.test.ts[2m > [22m[2mCampaigns API[2m > [22m[2mPOST / returns 400 on empty platforms[22m[39m
sqlite: applied migration 001_create_core_tables.sql
sqlite: applied migration 001_init.sql
sqlite: applied migration 002_add_template_type.sql
sqlite: applied migration 003_create_runtime_settings.sql
sqlite: applied migration 004_create_campaigns.sql
sqlite: applied migration 005_create_link_clicks.sql
sqlite: applied migration 006_create_leads.sql

[90mstdout[2m | src/routes/campaigns.test.ts[2m > [22m[2mCampaigns API[2m > [22m[2mGET / lists campaigns[22m[39m
sqlite: applied migration 001_create_core_tables.sql
sqlite: applied migration 001_init.sql
sqlite: applied migration 002_add_template_type.sql
sqlite: applied migration 003_create_runtime_settings.sql
sqlite: applied migration 004_create_campaigns.sql
sqlite: applied migration 005_create_link_clicks.sql
sqlite: applied migration 006_create_leads.sql

[90mstdout[2m | src/routes/campaigns.test.ts[2m > [22m[2mCampaigns API[2m > [22m[2mGET /:id returns 404 for unknown[22m[39m
sqlite: applied migration 001_create_core_tables.sql
sqlite: applied migration 001_init.sql
sqlite: applied migration 002_add_template_type.sql
sqlite: applied migration 003_create_runtime_settings.sql
sqlite: applied migration 004_create_campaigns.sql
sqlite: applied migration 005_create_link_clicks.sql
sqlite: applied migration 006_create_leads.sql

[90mstdout[2m | src/routes/campaigns.test.ts[2m > [22m[2mCampaigns API[2m > [22m[2mPOST /:id/blast enqueues jobs per platform[22m[39m
sqlite: applied migration 001_create_core_tables.sql
sqlite: applied migration 001_init.sql
sqlite: applied migration 002_add_template_type.sql
sqlite: applied migration 003_create_runtime_settings.sql
sqlite: applied migration 004_create_campaigns.sql
sqlite: applied migration 005_create_link_clicks.sql
sqlite: applied migration 006_create_leads.sql

[90mstdout[2m | src/routes/campaigns.test.ts[2m > [22m[2mCampaigns API[2m > [22m[2mDELETE /:id removes campaign[22m[39m
sqlite: applied migration 001_create_core_tables.sql
sqlite: applied migration 001_init.sql
sqlite: applied migration 002_add_template_type.sql
sqlite: applied migration 003_create_runtime_settings.sql
sqlite: applied migration 004_create_campaigns.sql
sqlite: applied migration 005_create_link_clicks.sql
sqlite: applied migration 006_create_leads.sql

 [32mΓ£ô[39m src/routes/campaigns.test.ts [2m ([22m[2m7 tests[22m[2m)[22m[33m 651[2mms[22m[39m
[90mstdout[2m | src/adapters/facebook.test.ts[2m > [22m[2mFacebookAdapter[2m > [22m[2mconnect parses credentials correctly[22m[39m
sqlite: applied migration 001_create_core_tables.sql
sqlite: applied migration 001_init.sql
sqlite: applied migration 002_add_template_type.sql
sqlite: applied migration 003_create_runtime_settings.sql
sqlite: applied migration 004_create_campaigns.sql
sqlite: applied migration 005_create_link_clicks.sql
sqlite: applied migration 006_create_leads.sql

[90mstdout[2m | src/adapters/facebook.test.ts[2m > [22m[2mFacebookAdapter[2m > [22m[2mconnect throws when credentials are empty[22m[39m
sqlite: applied migration 001_create_core_tables.sql
sqlite: applied migration 001_init.sql
sqlite: applied migration 002_add_template_type.sql
sqlite: applied migration 003_create_runtime_settings.sql
sqlite: applied migration 004_create_campaigns.sql
sqlite: applied migration 005_create_link_clicks.sql
sqlite: applied migration 006_create_leads.sql

[90mstdout[2m | src/adapters/facebook.test.ts[2m > [22m[2mFacebookAdapter[2m > [22m[2mconnect throws on invalid JSON[22m[39m
sqlite: applied migration 001_create_core_tables.sql
sqlite: applied migration 001_init.sql
sqlite: applied migration 002_add_template_type.sql
sqlite: applied migration 003_create_runtime_settings.sql
sqlite: applied migration 004_create_campaigns.sql
sqlite: applied migration 005_create_link_clicks.sql
sqlite: applied migration 006_create_leads.sql

[90mstdout[2m | src/adapters/facebook.test.ts[2m > [22m[2mFacebookAdapter[2m > [22m[2mconnect throws on missing pageId[22m[39m
sqlite: applied migration 001_create_core_tables.sql
sqlite: applied migration 001_init.sql
sqlite: applied migration 002_add_template_type.sql
sqlite: applied migration 003_create_runtime_settings.sql
sqlite: applied migration 004_create_campaigns.sql
sqlite: applied migration 005_create_link_clicks.sql
sqlite: applied migration 006_create_leads.sql

[90mstdout[2m | src/adapters/facebook.test.ts[2m > [22m[2mFacebookAdapter[2m > [22m[2msendMessage posts to page feed and returns success[22m[39m
sqlite: applied migration 001_create_core_tables.sql
sqlite: applied migration 001_init.sql
sqlite: applied migration 002_add_template_type.sql
sqlite: applied migration 003_create_runtime_settings.sql
sqlite: applied migration 004_create_campaigns.sql
sqlite: applied migration 005_create_link_clicks.sql
sqlite: applied migration 006_create_leads.sql

[90mstdout[2m | src/adapters/facebook.test.ts[2m > [22m[2mFacebookAdapter[2m > [22m[2msendMessage returns failure on HTTP error[22m[39m
sqlite: applied migration 001_create_core_tables.sql
sqlite: applied migration 001_init.sql
sqlite: applied migration 002_add_template_type.sql
sqlite: applied migration 003_create_runtime_settings.sql
sqlite: applied migration 004_create_campaigns.sql
sqlite: applied migration 005_create_link_clicks.sql
sqlite: applied migration 006_create_leads.sql

[90mstdout[2m | src/adapters/facebook.test.ts[2m > [22m[2mFacebookAdapter[2m > [22m[2mreplyToMessage posts to comment thread[22m[39m
sqlite: applied migration 001_create_core_tables.sql
sqlite: applied migration 001_init.sql
sqlite: applied migration 002_add_template_type.sql
sqlite: applied migration 003_create_runtime_settings.sql
sqlite: applied migration 004_create_campaigns.sql
sqlite: applied migration 005_create_link_clicks.sql
sqlite: applied migration 006_create_leads.sql

[90mstdout[2m | src/adapters/facebook.test.ts[2m > [22m[2mFacebookAdapter[2m > [22m[2mgetRateLimitStatus returns expected shape[22m[39m
sqlite: applied migration 001_create_core_tables.sql
sqlite: applied migration 001_init.sql
sqlite: applied migration 002_add_template_type.sql
sqlite: applied migration 003_create_runtime_settings.sql
sqlite: applied migration 004_create_campaigns.sql
sqlite: applied migration 005_create_link_clicks.sql
sqlite: applied migration 006_create_leads.sql

[90mstdout[2m | src/adapters/facebook.test.ts[2m > [22m[2mFacebookAdapter[2m > [22m[2msendMessage maps Graph code 4 to rate limit error[22m[39m
sqlite: applied migration 001_create_core_tables.sql
sqlite: applied migration 001_init.sql
sqlite: applied migration 002_add_template_type.sql
sqlite: applied migration 003_create_runtime_settings.sql
sqlite: applied migration 004_create_campaigns.sql
sqlite: applied migration 005_create_link_clicks.sql
sqlite: applied migration 006_create_leads.sql

[90mstdout[2m | src/adapters/facebook.test.ts[2m > [22m[2mFacebookAdapter[2m > [22m[2msendMessage maps Graph code 190 to token expired[22m[39m
sqlite: applied migration 001_create_core_tables.sql
sqlite: applied migration 001_init.sql
sqlite: applied migration 002_add_template_type.sql
sqlite: applied migration 003_create_runtime_settings.sql
sqlite: applied migration 004_create_campaigns.sql
sqlite: applied migration 005_create_link_clicks.sql
sqlite: applied migration 006_create_leads.sql

 [32mΓ£ô[39m src/adapters/facebook.test.ts [2m ([22m[2m10 tests[22m[2m)[22m[33m 966[2mms[22m[39m
[90mstdout[2m | new JobQueue (C:\Users\Administrator\joki-blast-engine\src\queue\job-queue.ts:48:13)[22m[39m
[JobQueue] initialized (in-memory path).

[90mstdout[2m | src/routes/jobs.test.ts[2m > [22m[2mJobs API[2m > [22m[2mcreates schedules with valid cron[22m[39m
sqlite: applied migration 001_create_core_tables.sql
sqlite: applied migration 001_init.sql
sqlite: applied migration 002_add_template_type.sql
sqlite: applied migration 003_create_runtime_settings.sql
sqlite: applied migration 004_create_campaigns.sql
sqlite: applied migration 005_create_link_clicks.sql
sqlite: applied migration 006_create_leads.sql

[90mstdout[2m | src/adapters/instagram-cookie.test.ts[2m > [22m[2mInstagramCookieAdapter[2m > [22m[2mconnect parses cookies[22m[39m
sqlite: applied migration 001_create_core_tables.sql
sqlite: applied migration 001_init.sql
sqlite: applied migration 002_add_template_type.sql
sqlite: applied migration 003_create_runtime_settings.sql
sqlite: applied migration 004_create_campaigns.sql
sqlite: applied migration 005_create_link_clicks.sql
sqlite: applied migration 006_create_leads.sql

[90mstdout[2m | src/adapters/instagram-cookie.test.ts[2m > [22m[2mInstagramCookieAdapter[2m > [22m[2mconnect throws when cookie is empty[22m[39m
sqlite: applied migration 001_create_core_tables.sql
sqlite: applied migration 001_init.sql
sqlite: applied migration 002_add_template_type.sql
sqlite: applied migration 003_create_runtime_settings.sql
sqlite: applied migration 004_create_campaigns.sql
sqlite: applied migration 005_create_link_clicks.sql
sqlite: applied migration 006_create_leads.sql

[90mstdout[2m | src/adapters/instagram-cookie.test.ts[2m > [22m[2mInstagramCookieAdapter[2m > [22m[2msendMessage calls internal configure endpoint and returns success[22m[39m
sqlite: applied migration 001_create_core_tables.sql
sqlite: applied migration 001_init.sql
sqlite: applied migration 002_add_template_type.sql
sqlite: applied migration 003_create_runtime_settings.sql
sqlite: applied migration 004_create_campaigns.sql
sqlite: applied migration 005_create_link_clicks.sql
sqlite: applied migration 006_create_leads.sql

[90mstdout[2m | src/adapters/instagram-cookie.test.ts[2m > [22m[2mInstagramCookieAdapter[2m > [22m[2msendMessage returns failure on HTTP error[22m[39m
sqlite: applied migration 001_create_core_tables.sql
sqlite: applied migration 001_init.sql
sqlite: applied migration 002_add_template_type.sql
sqlite: applied migration 003_create_runtime_settings.sql
sqlite: applied migration 004_create_campaigns.sql
sqlite: applied migration 005_create_link_clicks.sql
sqlite: applied migration 006_create_leads.sql

[90mstdout[2m | src/adapters/instagram-cookie.test.ts[2m > [22m[2mInstagramCookieAdapter[2m > [22m[2mreplyToMessage calls comment endpoint[22m[39m
sqlite: applied migration 001_create_core_tables.sql
sqlite: applied migration 001_init.sql
sqlite: applied migration 002_add_template_type.sql
sqlite: applied migration 003_create_runtime_settings.sql
sqlite: applied migration 004_create_campaigns.sql
sqlite: applied migration 005_create_link_clicks.sql
sqlite: applied migration 006_create_leads.sql

[90mstdout[2m | src/adapters/instagram-cookie.test.ts[2m > [22m[2mInstagramCookieAdapter[2m > [22m[2mgetRateLimitStatus returns expected shape[22m[39m
sqlite: applied migration 001_create_core_tables.sql
sqlite: applied migration 001_init.sql
sqlite: applied migration 002_add_template_type.sql
sqlite: applied migration 003_create_runtime_settings.sql
sqlite: applied migration 004_create_campaigns.sql
sqlite: applied migration 005_create_link_clicks.sql
sqlite: applied migration 006_create_leads.sql

[90mstdout[2m | src/adapters/instagram-cookie.test.ts[2m > [22m[2mInstagramCookieAdapter[2m > [22m[2mdisconnect clears cookie[22m[39m
sqlite: applied migration 001_create_core_tables.sql
sqlite: applied migration 001_init.sql
sqlite: applied migration 002_add_template_type.sql
sqlite: applied migration 003_create_runtime_settings.sql
sqlite: applied migration 004_create_campaigns.sql
sqlite: applied migration 005_create_link_clicks.sql
sqlite: applied migration 006_create_leads.sql

 [32mΓ£ô[39m src/adapters/instagram-cookie.test.ts [2m ([22m[2m7 tests[22m[2m)[22m[33m 630[2mms[22m[39m
[90mstdout[2m | src/routes/jobs.test.ts[2m > [22m[2mJobs API[2m > [22m[2mrejects invalid cron[22m[39m
sqlite: applied migration 001_create_core_tables.sql
sqlite: applied migration 001_init.sql
sqlite: applied migration 002_add_template_type.sql
sqlite: applied migration 003_create_runtime_settings.sql
sqlite: applied migration 004_create_campaigns.sql
sqlite: applied migration 005_create_link_clicks.sql
sqlite: applied migration 006_create_leads.sql

[90mstdout[2m | src/routes/jobs.test.ts[2m > [22m[2mJobs API[2m > [22m[2menqueues manual trigger job[22m[39m
sqlite: applied migration 001_create_core_tables.sql
sqlite: applied migration 001_init.sql
sqlite: applied migration 002_add_template_type.sql
sqlite: applied migration 003_create_runtime_settings.sql
sqlite: applied migration 004_create_campaigns.sql
sqlite: applied migration 005_create_link_clicks.sql
sqlite: applied migration 006_create_leads.sql

[90mstdout[2m | src/routes/jobs.test.ts[2m > [22m[2mJobs API[2m > [22m[2mfires scheduler tick for matching cron[22m[39m
sqlite: applied migration 001_create_core_tables.sql
sqlite: applied migration 001_init.sql
sqlite: applied migration 002_add_template_type.sql
sqlite: applied migration 003_create_runtime_settings.sql
sqlite: applied migration 004_create_campaigns.sql
sqlite: applied migration 005_create_link_clicks.sql
sqlite: applied migration 006_create_leads.sql

 [32mΓ£ô[39m src/routes/jobs.test.ts [2m ([22m[2m4 tests[22m[2m)[22m[33m 807[2mms[22m[39m
[90mstdout[2m | src/adapters/threads-cookie.test.ts[2m > [22m[2mThreadsCookieAdapter[2m > [22m[2mconnect parses cookies[22m[39m
sqlite: applied migration 001_create_core_tables.sql
sqlite: applied migration 001_init.sql
sqlite: applied migration 002_add_template_type.sql
sqlite: applied migration 003_create_runtime_settings.sql
sqlite: applied migration 004_create_campaigns.sql
sqlite: applied migration 005_create_link_clicks.sql
sqlite: applied migration 006_create_leads.sql

[90mstdout[2m | src/adapters/threads-cookie.test.ts[2m > [22m[2mThreadsCookieAdapter[2m > [22m[2mconnect throws when cookie is empty[22m[39m
sqlite: applied migration 001_create_core_tables.sql
sqlite: applied migration 001_init.sql
sqlite: applied migration 002_add_template_type.sql
sqlite: applied migration 003_create_runtime_settings.sql
sqlite: applied migration 004_create_campaigns.sql
sqlite: applied migration 005_create_link_clicks.sql
sqlite: applied migration 006_create_leads.sql

[90mstdout[2m | src/adapters/threads-cookie.test.ts[2m > [22m[2mThreadsCookieAdapter[2m > [22m[2msendMessage calls configure_text_post_app_feed endpoint[22m[39m
sqlite: applied migration 001_create_core_tables.sql
sqlite: applied migration 001_init.sql
sqlite: applied migration 002_add_template_type.sql
sqlite: applied migration 003_create_runtime_settings.sql
sqlite: applied migration 004_create_campaigns.sql
sqlite: applied migration 005_create_link_clicks.sql
sqlite: applied migration 006_create_leads.sql

[90mstdout[2m | src/adapters/threads-cookie.test.ts[2m > [22m[2mThreadsCookieAdapter[2m > [22m[2msendMessage returns failure on HTTP error[22m[39m
sqlite: applied migration 001_create_core_tables.sql
sqlite: applied migration 001_init.sql
sqlite: applied migration 002_add_template_type.sql
sqlite: applied migration 003_create_runtime_settings.sql
sqlite: applied migration 004_create_campaigns.sql
sqlite: applied migration 005_create_link_clicks.sql
sqlite: applied migration 006_create_leads.sql

[90mstdout[2m | src/adapters/threads-cookie.test.ts[2m > [22m[2mThreadsCookieAdapter[2m > [22m[2mreplyToMessage includes replied_to_id in text_post_app_info[22m[39m
sqlite: applied migration 001_create_core_tables.sql
sqlite: applied migration 001_init.sql
sqlite: applied migration 002_add_template_type.sql
sqlite: applied migration 003_create_runtime_settings.sql
sqlite: applied migration 004_create_campaigns.sql
sqlite: applied migration 005_create_link_clicks.sql
sqlite: applied migration 006_create_leads.sql

[90mstdout[2m | src/adapters/threads-cookie.test.ts[2m > [22m[2mThreadsCookieAdapter[2m > [22m[2mreplyToMessage returns failure on HTTP error[22m[39m
sqlite: applied migration 001_create_core_tables.sql
sqlite: applied migration 001_init.sql
sqlite: applied migration 002_add_template_type.sql
sqlite: applied migration 003_create_runtime_settings.sql
sqlite: applied migration 004_create_campaigns.sql
sqlite: applied migration 005_create_link_clicks.sql
sqlite: applied migration 006_create_leads.sql

[90mstdout[2m | src/adapters/threads-cookie.test.ts[2m > [22m[2mThreadsCookieAdapter[2m > [22m[2mgetRateLimitStatus returns expected shape[22m[39m
sqlite: applied migration 001_create_core_tables.sql
sqlite: applied migration 001_init.sql
sqlite: applied migration 002_add_template_type.sql
sqlite: applied migration 003_create_runtime_settings.sql
sqlite: applied migration 004_create_campaigns.sql
sqlite: applied migration 005_create_link_clicks.sql
sqlite: applied migration 006_create_leads.sql

 [32mΓ£ô[39m src/adapters/threads-cookie.test.ts [2m ([22m[2m7 tests[22m[2m)[22m[33m 509[2mms[22m[39m
[90mstdout[2m | src/adapters/twitter-cookie.test.ts[2m > [22m[2mTwitterCookieAdapter[2m > [22m[2mconnect parses cookies and extracts ct0 csrf token[22m[39m
sqlite: applied migration 001_create_core_tables.sql
sqlite: applied migration 001_init.sql
sqlite: applied migration 002_add_template_type.sql
sqlite: applied migration 003_create_runtime_settings.sql
sqlite: applied migration 004_create_campaigns.sql
sqlite: applied migration 005_create_link_clicks.sql
sqlite: applied migration 006_create_leads.sql

[90mstdout[2m | src/adapters/twitter-cookie.test.ts[2m > [22m[2mTwitterCookieAdapter[2m > [22m[2mconnect throws when cookie is empty[22m[39m
sqlite: applied migration 001_create_core_tables.sql
sqlite: applied migration 001_init.sql
sqlite: applied migration 002_add_template_type.sql
sqlite: applied migration 003_create_runtime_settings.sql
sqlite: applied migration 004_create_campaigns.sql
sqlite: applied migration 005_create_link_clicks.sql
sqlite: applied migration 006_create_leads.sql

[90mstdout[2m | src/adapters/twitter-cookie.test.ts[2m > [22m[2mTwitterCookieAdapter[2m > [22m[2msendMessage posts tweet and returns success[22m[39m
sqlite: applied migration 001_create_core_tables.sql
sqlite: applied migration 001_init.sql
sqlite: applied migration 002_add_template_type.sql
sqlite: applied migration 003_create_runtime_settings.sql
sqlite: applied migration 004_create_campaigns.sql
sqlite: applied migration 005_create_link_clicks.sql
sqlite: applied migration 006_create_leads.sql

[90mstdout[2m | src/adapters/twitter-cookie.test.ts[2m > [22m[2mTwitterCookieAdapter[2m > [22m[2msendMessage returns failure on HTTP error[22m[39m
sqlite: applied migration 001_create_core_tables.sql
sqlite: applied migration 001_init.sql
sqlite: applied migration 002_add_template_type.sql
sqlite: applied migration 003_create_runtime_settings.sql
sqlite: applied migration 004_create_campaigns.sql
sqlite: applied migration 005_create_link_clicks.sql
sqlite: applied migration 006_create_leads.sql

[90mstdout[2m | src/adapters/twitter-cookie.test.ts[2m > [22m[2mTwitterCookieAdapter[2m > [22m[2mreplyToMessage includes reply object with in_reply_to_tweet_id[22m[39m
sqlite: applied migration 001_create_core_tables.sql
sqlite: applied migration 001_init.sql
sqlite: applied migration 002_add_template_type.sql
sqlite: applied migration 003_create_runtime_settings.sql
sqlite: applied migration 004_create_campaigns.sql
sqlite: applied migration 005_create_link_clicks.sql
sqlite: applied migration 006_create_leads.sql

[90mstdout[2m | src/adapters/twitter-cookie.test.ts[2m > [22m[2mTwitterCookieAdapter[2m > [22m[2mreplyToMessage returns failure when rate limit exceeded[22m[39m
sqlite: applied migration 001_create_core_tables.sql
sqlite: applied migration 001_init.sql
sqlite: applied migration 002_add_template_type.sql
sqlite: applied migration 003_create_runtime_settings.sql
sqlite: applied migration 004_create_campaigns.sql
sqlite: applied migration 005_create_link_clicks.sql
sqlite: applied migration 006_create_leads.sql

[90mstdout[2m | src/adapters/twitter-cookie.test.ts[2m > [22m[2mTwitterCookieAdapter[2m > [22m[2mgetRateLimitStatus returns expected shape[22m[39m
sqlite: applied migration 001_create_core_tables.sql
sqlite: applied migration 001_init.sql
sqlite: applied migration 002_add_template_type.sql
sqlite: applied migration 003_create_runtime_settings.sql
sqlite: applied migration 004_create_campaigns.sql
sqlite: applied migration 005_create_link_clicks.sql
sqlite: applied migration 006_create_leads.sql

 [32mΓ£ô[39m src/adapters/twitter-cookie.test.ts [2m ([22m[2m7 tests[22m[2m)[22m[33m 957[2mms[22m[39m
[90mstdout[2m | src/routes/accounts.test.ts[2m > [22m[2mAccounts crypto[2m > [22m[2mshould encrypt and decrypt correctly[22m[39m
sqlite: applied migration 001_create_core_tables.sql
sqlite: applied migration 001_init.sql
sqlite: applied migration 002_add_template_type.sql
sqlite: applied migration 003_create_runtime_settings.sql
sqlite: applied migration 004_create_campaigns.sql
sqlite: applied migration 005_create_link_clicks.sql
sqlite: applied migration 006_create_leads.sql

[90mstdout[2m | src/routes/accounts.test.ts[2m > [22m[2mAccounts API[2m > [22m[2mGET / returns empty array initially[22m[39m
sqlite: applied migration 001_create_core_tables.sql
sqlite: applied migration 001_init.sql
sqlite: applied migration 002_add_template_type.sql
sqlite: applied migration 003_create_runtime_settings.sql
sqlite: applied migration 004_create_campaigns.sql
sqlite: applied migration 005_create_link_clicks.sql
sqlite: applied migration 006_create_leads.sql

[90mstdout[2m | src/routes/accounts.test.ts[2m > [22m[2mAccounts API[2m > [22m[2mPOST / creates account and returns id[22m[39m
sqlite: applied migration 001_create_core_tables.sql
sqlite: applied migration 001_init.sql
sqlite: applied migration 002_add_template_type.sql
sqlite: applied migration 003_create_runtime_settings.sql
sqlite: applied migration 004_create_campaigns.sql
sqlite: applied migration 005_create_link_clicks.sql
sqlite: applied migration 006_create_leads.sql

[90mstdout[2m | src/routes/accounts.test.ts[2m > [22m[2mAccounts API[2m > [22m[2mPOST / creates account and returns id[22m[39m
[AccountsRepo] create called { platform: [32m'telegram'[39m, display_name: [32m'testuser'[39m }

[90mstdout[2m | src/routes/accounts.test.ts[2m > [22m[2mAccounts API[2m > [22m[2mPOST / returns 400 when missing required fields[22m[39m
sqlite: applied migration 001_create_core_tables.sql
sqlite: applied migration 001_init.sql
sqlite: applied migration 002_add_template_type.sql
sqlite: applied migration 003_create_runtime_settings.sql
sqlite: applied migration 004_create_campaigns.sql
sqlite: applied migration 005_create_link_clicks.sql
sqlite: applied migration 006_create_leads.sql

[90mstdout[2m | src/routes/accounts.test.ts[2m > [22m[2mAccounts API[2m > [22m[2mDELETE /:id removes known account[22m[39m
sqlite: applied migration 001_create_core_tables.sql
sqlite: applied migration 001_init.sql
sqlite: applied migration 002_add_template_type.sql
sqlite: applied migration 003_create_runtime_settings.sql
sqlite: applied migration 004_create_campaigns.sql
sqlite: applied migration 005_create_link_clicks.sql
sqlite: applied migration 006_create_leads.sql

[90mstdout[2m | src/routes/accounts.test.ts[2m > [22m[2mAccounts API[2m > [22m[2mDELETE /:id removes known account[22m[39m
[AccountsRepo] create called { platform: [32m'twitter'[39m, display_name: [32m'usr'[39m }

[90mstdout[2m | src/adapters/instagram.test.ts[2m > [22m[2mInstagramAdapter (Graph API primary path)[2m > [22m[2mconnect requires token and ig id and then postMessage succeeds when Graph API responds[22m[39m
sqlite: applied migration 001_create_core_tables.sql
sqlite: applied migration 001_init.sql
sqlite: applied migration 002_add_template_type.sql
sqlite: applied migration 003_create_runtime_settings.sql
sqlite: applied migration 004_create_campaigns.sql
sqlite: applied migration 005_create_link_clicks.sql
sqlite: applied migration 006_create_leads.sql

[90mstdout[2m | src/adapters/instagram.test.ts[2m > [22m[2mInstagramAdapter (Graph API primary path)[2m > [22m[2mgetMessageStatus returns status for a message[22m[39m
sqlite: applied migration 001_create_core_tables.sql
sqlite: applied migration 001_init.sql
sqlite: applied migration 002_add_template_type.sql
sqlite: applied migration 003_create_runtime_settings.sql
sqlite: applied migration 004_create_campaigns.sql
sqlite: applied migration 005_create_link_clicks.sql
sqlite: applied migration 006_create_leads.sql

[90mstdout[2m | src/adapters/instagram.test.ts[2m > [22m[2mInstagramAdapter (Graph API primary path)[2m > [22m[2mlistAccounts returns data array when token present[22m[39m
sqlite: applied migration 001_create_core_tables.sql
sqlite: applied migration 001_init.sql
sqlite: applied migration 002_add_template_type.sql
sqlite: applied migration 003_create_runtime_settings.sql
sqlite: applied migration 004_create_campaigns.sql
sqlite: applied migration 005_create_link_clicks.sql
sqlite: applied migration 006_create_leads.sql

 [32mΓ£ô[39m src/adapters/instagram.test.ts [2m ([22m[2m3 tests[22m[2m)[22m[90m 220[2mms[22m[39m
[90mstdout[2m | src/routes/accounts.test.ts[2m > [22m[2mAccounts API[2m > [22m[2mDELETE /:id returns 404 for unknown id[22m[39m
sqlite: applied migration 001_create_core_tables.sql
sqlite: applied migration 001_init.sql
sqlite: applied migration 002_add_template_type.sql
sqlite: applied migration 003_create_runtime_settings.sql
sqlite: applied migration 004_create_campaigns.sql
sqlite: applied migration 005_create_link_clicks.sql
sqlite: applied migration 006_create_leads.sql

 [32mΓ£ô[39m src/routes/accounts.test.ts [2m ([22m[2m6 tests[22m[2m)[22m[33m 929[2mms[22m[39m
[90mstdout[2m | src/queue/retry.test.ts[2m > [22m[2mJobQueue Retry Logic[2m > [22m[2mshould retry a failed job if error is retryable[22m[39m
sqlite: applied migration 001_create_core_tables.sql
sqlite: applied migration 001_init.sql
sqlite: applied migration 002_add_template_type.sql
sqlite: applied migration 003_create_runtime_settings.sql
sqlite: applied migration 004_create_campaigns.sql
sqlite: applied migration 005_create_link_clicks.sql
sqlite: applied migration 006_create_leads.sql
[JobQueue] initialized (in-memory path).
[JobQueue] Enqueue PostJob id=job-1777438809361-n45fm1 platform=whatsapp
[JobQueue] Scheduling processing for PostJob id=job-1777438809361-n45fm1
[JobQueue] processNext started. Queue size: [33m1[39m
[JobQueue] Retrying job job-1777438809361-n45fm1 in 1030ms (attempt 1)
[JobQueue] processNext finished. InFlight reset.
[JobQueue] processNext started. Queue size: [33m1[39m
[JobQueue] processNext finished. InFlight reset.

[90mstdout[2m | src/queue/retry.test.ts[2m > [22m[2mJobQueue Retry Logic[2m > [22m[2mshould move to DLQ after max retries[22m[39m
sqlite: applied migration 001_create_core_tables.sql
sqlite: applied migration 001_init.sql
sqlite: applied migration 002_add_template_type.sql
sqlite: applied migration 003_create_runtime_settings.sql
sqlite: applied migration 004_create_campaigns.sql
sqlite: applied migration 005_create_link_clicks.sql
sqlite: applied migration 006_create_leads.sql
[JobQueue] initialized (in-memory path).
[JobQueue] Enqueue PostJob id=job-1777438809456-oyub7c platform=whatsapp
[JobQueue] Scheduling processing for PostJob id=job-1777438809456-oyub7c
[JobQueue] processNext started. Queue size: [33m1[39m
[JobQueue] Retrying job job-1777438809456-oyub7c in 1070ms (attempt 1)
[JobQueue] processNext finished. InFlight reset.
[JobQueue] processNext started. Queue size: [33m1[39m
[JobQueue] Retrying job job-1777438809456-oyub7c in 1961ms (attempt 2)
[JobQueue] processNext finished. InFlight reset.
[JobQueue] processNext started. Queue size: [33m1[39m
[JobQueue] Retrying job job-1777438809456-oyub7c in 4136ms (attempt 3)
[JobQueue] processNext finished. InFlight reset.
[JobQueue] processNext started. Queue size: [33m1[39m
[JobQueue] Retrying job job-1777438809456-oyub7c in 8414ms (attempt 4)
[JobQueue] processNext finished. InFlight reset.
[JobQueue] processNext started. Queue size: [33m1[39m
[JobQueue] Retrying job job-1777438809456-oyub7c in 15326ms (attempt 5)
[JobQueue] processNext finished. InFlight reset.

[90mstdout[2m | src/queue/retry.test.ts[2m > [22m[2mJobQueue Retry Logic[2m > [22m[2mshould move to DLQ after max retries[22m[39m
[JobQueue] processNext started. Queue size: [33m1[39m
[JobQueue] processNext finished. InFlight reset.

[90mstdout[2m | src/queue/retry.test.ts[2m > [22m[2mJobQueue Retry Logic[2m > [22m[2mshould not retry non-retryable errors[22m[39m
sqlite: applied migration 001_create_core_tables.sql
sqlite: applied migration 001_init.sql
sqlite: applied migration 002_add_template_type.sql
sqlite: applied migration 003_create_runtime_settings.sql
sqlite: applied migration 004_create_campaigns.sql
sqlite: applied migration 005_create_link_clicks.sql
sqlite: applied migration 006_create_leads.sql
[JobQueue] initialized (in-memory path).
[JobQueue] Enqueue PostJob id=job-1777438809540-al270d platform=whatsapp
[JobQueue] Scheduling processing for PostJob id=job-1777438809540-al270d
[JobQueue] processNext started. Queue size: [33m1[39m
[JobQueue] processNext finished. InFlight reset.

 [32mΓ£ô[39m src/queue/retry.test.ts [2m ([22m[2m3 tests[22m[2m)[22m[33m 450[2mms[22m[39m
[90mstdout[2m | src/adapters/telegram-mtproto.test.ts[2m > [22m[2mTelegramMTProtoAdapter[2m > [22m[2mconnect initializes client via factory[22m[39m
sqlite: applied migration 001_create_core_tables.sql
sqlite: applied migration 001_init.sql
sqlite: applied migration 002_add_template_type.sql
sqlite: applied migration 003_create_runtime_settings.sql
sqlite: applied migration 004_create_campaigns.sql
sqlite: applied migration 005_create_link_clicks.sql
sqlite: applied migration 006_create_leads.sql

[90mstdout[2m | src/adapters/telegram-mtproto.test.ts[2m > [22m[2mTelegramMTProtoAdapter[2m > [22m[2msendMessage calls client.sendMessage[22m[39m
sqlite: applied migration 001_create_core_tables.sql
sqlite: applied migration 001_init.sql
sqlite: applied migration 002_add_template_type.sql
sqlite: applied migration 003_create_runtime_settings.sql
sqlite: applied migration 004_create_campaigns.sql
sqlite: applied migration 005_create_link_clicks.sql
sqlite: applied migration 006_create_leads.sql

[90mstdout[2m | src/adapters/telegram-mtproto.test.ts[2m > [22m[2mTelegramMTProtoAdapter[2m > [22m[2msendMessage auto-connects if not connected[22m[39m
sqlite: applied migration 001_create_core_tables.sql
sqlite: applied migration 001_init.sql
sqlite: applied migration 002_add_template_type.sql
sqlite: applied migration 003_create_runtime_settings.sql
sqlite: applied migration 004_create_campaigns.sql
sqlite: applied migration 005_create_link_clicks.sql
sqlite: applied migration 006_create_leads.sql

[90mstdout[2m | src/adapters/telegram-mtproto.test.ts[2m > [22m[2mTelegramMTProtoAdapter[2m > [22m[2mreplyToMessage with msgId prefix parses correctly[22m[39m
sqlite: applied migration 001_create_core_tables.sql
sqlite: applied migration 001_init.sql
sqlite: applied migration 002_add_template_type.sql
sqlite: applied migration 003_create_runtime_settings.sql
sqlite: applied migration 004_create_campaigns.sql
sqlite: applied migration 005_create_link_clicks.sql
sqlite: applied migration 006_create_leads.sql

[90mstdout[2m | src/adapters/telegram-mtproto.test.ts[2m > [22m[2mTelegramMTProtoAdapter[2m > [22m[2mgetRateLimitStatus returns default values[22m[39m
sqlite: applied migration 001_create_core_tables.sql
sqlite: applied migration 001_init.sql
sqlite: applied migration 002_add_template_type.sql
sqlite: applied migration 003_create_runtime_settings.sql
sqlite: applied migration 004_create_campaigns.sql
sqlite: applied migration 005_create_link_clicks.sql
sqlite: applied migration 006_create_leads.sql

[90mstdout[2m | src/adapters/telegram-mtproto.test.ts[2m > [22m[2mTelegramMTProtoAdapter[2m > [22m[2mdisconnect calls client.disconnect[22m[39m
sqlite: applied migration 001_create_core_tables.sql
sqlite: applied migration 001_init.sql
sqlite: applied migration 002_add_template_type.sql
sqlite: applied migration 003_create_runtime_settings.sql
sqlite: applied migration 004_create_campaigns.sql
sqlite: applied migration 005_create_link_clicks.sql
sqlite: applied migration 006_create_leads.sql

 [32mΓ£ô[39m src/adapters/telegram-mtproto.test.ts [2m ([22m[2m6 tests[22m[2m)[22m[33m 414[2mms[22m[39m
[90mstdout[2m | src/routes/track.test.ts[2m > [22m[2mTrack Router[2m > [22m[2mreturns 404 for invalid token[22m[39m
sqlite: applied migration 001_create_core_tables.sql
sqlite: applied migration 001_init.sql
sqlite: applied migration 002_add_template_type.sql
sqlite: applied migration 003_create_runtime_settings.sql
sqlite: applied migration 004_create_campaigns.sql
sqlite: applied migration 005_create_link_clicks.sql
sqlite: applied migration 006_create_leads.sql

[90mstdout[2m | src/routes/track.test.ts[2m > [22m[2mTrack Router[2m > [22m[2mrecords click and redirects for valid token with campaign in DB[22m[39m
sqlite: applied migration 001_create_core_tables.sql
sqlite: applied migration 001_init.sql
sqlite: applied migration 002_add_template_type.sql
sqlite: applied migration 003_create_runtime_settings.sql
sqlite: applied migration 004_create_campaigns.sql
sqlite: applied migration 005_create_link_clicks.sql
sqlite: applied migration 006_create_leads.sql

[90mstdout[2m | src/routes/track.test.ts[2m > [22m[2mTrack Router[2m > [22m[2mGET /stats/:campaignId returns click counts[22m[39m
sqlite: applied migration 001_create_core_tables.sql
sqlite: applied migration 001_init.sql
sqlite: applied migration 002_add_template_type.sql
sqlite: applied migration 003_create_runtime_settings.sql
sqlite: applied migration 004_create_campaigns.sql
sqlite: applied migration 005_create_link_clicks.sql
sqlite: applied migration 006_create_leads.sql

 [32mΓ£ô[39m src/routes/track.test.ts [2m ([22m[2m3 tests[22m[2m)[22m[33m 541[2mms[22m[39m
[90mstdout[2m | src/adapters/threads.test.ts[2m > [22m[2mThreadsAdapter[2m > [22m[2mshould connect using THREADS_ACCESS_TOKEN[22m[39m
sqlite: applied migration 001_create_core_tables.sql
sqlite: applied migration 001_init.sql
sqlite: applied migration 002_add_template_type.sql
sqlite: applied migration 003_create_runtime_settings.sql
sqlite: applied migration 004_create_campaigns.sql
sqlite: applied migration 005_create_link_clicks.sql
sqlite: applied migration 006_create_leads.sql

[90mstdout[2m | src/adapters/threads.test.ts[2m > [22m[2mThreadsAdapter[2m > [22m[2mshould post a message[22m[39m
sqlite: applied migration 001_create_core_tables.sql
sqlite: applied migration 001_init.sql
sqlite: applied migration 002_add_template_type.sql
sqlite: applied migration 003_create_runtime_settings.sql
sqlite: applied migration 004_create_campaigns.sql
sqlite: applied migration 005_create_link_clicks.sql
sqlite: applied migration 006_create_leads.sql

[90mstdout[2m | src/adapters/threads.test.ts[2m > [22m[2mThreadsAdapter[2m > [22m[2mshould reply to a message[22m[39m
sqlite: applied migration 001_create_core_tables.sql
sqlite: applied migration 001_init.sql
sqlite: applied migration 002_add_template_type.sql
sqlite: applied migration 003_create_runtime_settings.sql
sqlite: applied migration 004_create_campaigns.sql
sqlite: applied migration 005_create_link_clicks.sql
sqlite: applied migration 006_create_leads.sql

[90mstdout[2m | src/adapters/threads.test.ts[2m > [22m[2mThreadsAdapter[2m > [22m[2mshould fetch message status[22m[39m
sqlite: applied migration 001_create_core_tables.sql
sqlite: applied migration 001_init.sql
sqlite: applied migration 002_add_template_type.sql
sqlite: applied migration 003_create_runtime_settings.sql
sqlite: applied migration 004_create_campaigns.sql
sqlite: applied migration 005_create_link_clicks.sql
sqlite: applied migration 006_create_leads.sql

[90mstdout[2m | src/adapters/threads.test.ts[2m > [22m[2mThreadsAdapter[2m > [22m[2mshould list accounts[22m[39m
sqlite: applied migration 001_create_core_tables.sql
sqlite: applied migration 001_init.sql
sqlite: applied migration 002_add_template_type.sql
sqlite: applied migration 003_create_runtime_settings.sql
sqlite: applied migration 004_create_campaigns.sql
sqlite: applied migration 005_create_link_clicks.sql
sqlite: applied migration 006_create_leads.sql

 [32mΓ£ô[39m src/adapters/threads.test.ts [2m ([22m[2m5 tests[22m[2m)[22m[33m 385[2mms[22m[39m
[90mstdout[2m | src/queue/job-queue.test.ts[2m > [22m[2mJobQueue (in-memory path)[2m > [22m[2menqueue PostJob triggers processor and emits completed[22m[39m
sqlite: applied migration 001_create_core_tables.sql
sqlite: applied migration 001_init.sql
sqlite: applied migration 002_add_template_type.sql
sqlite: applied migration 003_create_runtime_settings.sql
sqlite: applied migration 004_create_campaigns.sql
sqlite: applied migration 005_create_link_clicks.sql
sqlite: applied migration 006_create_leads.sql
[JobQueue] initialized (in-memory path).
[JobQueue] Enqueue PostJob id=job-1777438811188-2bq1jt platform=whatsapp
[JobQueue] Scheduling processing for PostJob id=job-1777438811188-2bq1jt
[JobQueue] processNext started. Queue size: [33m1[39m
[JobQueue] processNext finished. InFlight reset.

[90mstdout[2m | src/queue/job-queue.test.ts[2m > [22m[2mJobQueue (in-memory path)[2m > [22m[2menqueue ReplyJob triggers processor and emits failed on error[22m[39m
sqlite: applied migration 001_create_core_tables.sql
sqlite: applied migration 001_init.sql
sqlite: applied migration 002_add_template_type.sql
sqlite: applied migration 003_create_runtime_settings.sql
sqlite: applied migration 004_create_campaigns.sql
sqlite: applied migration 005_create_link_clicks.sql
sqlite: applied migration 006_create_leads.sql
[JobQueue] initialized (in-memory path).
[JobQueue] Enqueue ReplyJob id=job-1777438811255-kyg60u platform=whatsapp
[JobQueue] Scheduling processing for ReplyJob id=job-1777438811255-kyg60u
[JobQueue] processNext started. Queue size: [33m1[39m
[JobQueue] processNext finished. InFlight reset.

 [32mΓ£ô[39m src/queue/job-queue.test.ts [2m ([22m[2m2 tests[22m[2m)[22m[90m 222[2mms[22m[39m
[90mstdout[2m | src/adapters/whatsapp.test.ts[2m > [22m[2mWhatsAppAdapter[2m > [22m[2minitializes and reports rate limit status[22m[39m
sqlite: applied migration 001_create_core_tables.sql
sqlite: applied migration 001_init.sql
sqlite: applied migration 002_add_template_type.sql
sqlite: applied migration 003_create_runtime_settings.sql
sqlite: applied migration 004_create_campaigns.sql
sqlite: applied migration 005_create_link_clicks.sql
sqlite: applied migration 006_create_leads.sql

[90mstdout[2m | src/adapters/whatsapp.test.ts[2m > [22m[2mWhatsAppAdapter[2m > [22m[2msends a message successfully via cloud path (mocked)[22m[39m
sqlite: applied migration 001_create_core_tables.sql
sqlite: applied migration 001_init.sql
sqlite: applied migration 002_add_template_type.sql
sqlite: applied migration 003_create_runtime_settings.sql
sqlite: applied migration 004_create_campaigns.sql
sqlite: applied migration 005_create_link_clicks.sql
sqlite: applied migration 006_create_leads.sql

[90mstdout[2m | src/adapters/whatsapp.test.ts[2m > [22m[2mWhatsAppAdapter[2m > [22m[2mreturns rate limit error when exhausted[22m[39m
sqlite: applied migration 001_create_core_tables.sql
sqlite: applied migration 001_init.sql
sqlite: applied migration 002_add_template_type.sql
sqlite: applied migration 003_create_runtime_settings.sql
sqlite: applied migration 004_create_campaigns.sql
sqlite: applied migration 005_create_link_clicks.sql
sqlite: applied migration 006_create_leads.sql

 [32mΓ£ô[39m src/adapters/whatsapp.test.ts [2m ([22m[2m3 tests[22m[2m)[22m[33m 398[2mms[22m[39m
[90mstdout[2m | src/queue/rate-limiter.test.ts[2m > [22m[2mRateLimiter[2m > [22m[2mshould allow requests within capacity[22m[39m
sqlite: applied migration 001_create_core_tables.sql
sqlite: applied migration 001_init.sql
sqlite: applied migration 002_add_template_type.sql
sqlite: applied migration 003_create_runtime_settings.sql
sqlite: applied migration 004_create_campaigns.sql
sqlite: applied migration 005_create_link_clicks.sql
sqlite: applied migration 006_create_leads.sql

[90mstdout[2m | src/queue/rate-limiter.test.ts[2m > [22m[2mRateLimiter[2m > [22m[2mshould refill tokens over time[22m[39m
sqlite: applied migration 001_create_core_tables.sql
sqlite: applied migration 001_init.sql
sqlite: applied migration 002_add_template_type.sql
sqlite: applied migration 003_create_runtime_settings.sql
sqlite: applied migration 004_create_campaigns.sql
sqlite: applied migration 005_create_link_clicks.sql
sqlite: applied migration 006_create_leads.sql

[90mstdout[2m | src/routes/templates.test.ts[2m > [22m[2mTemplates API[2m > [22m[2mshould validate variables correctly[22m[39m
sqlite: applied migration 001_create_core_tables.sql
sqlite: applied migration 001_init.sql
sqlite: applied migration 002_add_template_type.sql
sqlite: applied migration 003_create_runtime_settings.sql
sqlite: applied migration 004_create_campaigns.sql
sqlite: applied migration 005_create_link_clicks.sql
sqlite: applied migration 006_create_leads.sql

 [32mΓ£ô[39m src/routes/templates.test.ts [2m ([22m[2m1 test[22m[2m)[22m[90m 87[2mms[22m[39m
[90mstdout[2m | new JobQueue (C:\Users\Administrator\joki-blast-engine\src\queue\job-queue.ts:48:13)[22m[39m
[JobQueue] initialized (in-memory path).

[90mstdout[2m | src/smoke.test.ts[2m > [22m[2mSmoke Test: Server & Basic Endpoints[2m > [22m[2mshould start without errors[22m[39m
sqlite: applied migration 001_create_core_tables.sql
sqlite: applied migration 001_init.sql
sqlite: applied migration 002_add_template_type.sql
sqlite: applied migration 003_create_runtime_settings.sql
sqlite: applied migration 004_create_campaigns.sql
sqlite: applied migration 005_create_link_clicks.sql
sqlite: applied migration 006_create_leads.sql

[90mstdout[2m | src/smoke.test.ts[2m > [22m[2mSmoke Test: Server & Basic Endpoints[2m > [22m[2mGET /v1/health should return ok[22m[39m
sqlite: applied migration 001_create_core_tables.sql
sqlite: applied migration 001_init.sql
sqlite: applied migration 002_add_template_type.sql
sqlite: applied migration 003_create_runtime_settings.sql
sqlite: applied migration 004_create_campaigns.sql
sqlite: applied migration 005_create_link_clicks.sql
sqlite: applied migration 006_create_leads.sql

[90mstdout[2m | src/smoke.test.ts[2m > [22m[2mSmoke Test: Server & Basic Endpoints[2m > [22m[2mGET /v1/health should return ok[22m[39m
info: GET /v1/health - ::ffff:127.0.0.1

[90mstdout[2m | src/queue/rate-limiter.test.ts[2m > [22m[2mRateLimiter[2m > [22m[2mshould handle blocking[22m[39m
sqlite: applied migration 001_create_core_tables.sql
sqlite: applied migration 001_init.sql
sqlite: applied migration 002_add_template_type.sql
sqlite: applied migration 003_create_runtime_settings.sql
sqlite: applied migration 004_create_campaigns.sql
sqlite: applied migration 005_create_link_clicks.sql
sqlite: applied migration 006_create_leads.sql

[90mstdout[2m | src/smoke.test.ts[2m > [22m[2mSmoke Test: Server & Basic Endpoints[2m > [22m[2mshould have database connection[22m[39m
sqlite: applied migration 001_create_core_tables.sql
sqlite: applied migration 001_init.sql
sqlite: applied migration 002_add_template_type.sql
sqlite: applied migration 003_create_runtime_settings.sql
sqlite: applied migration 004_create_campaigns.sql
sqlite: applied migration 005_create_link_clicks.sql
sqlite: applied migration 006_create_leads.sql

[90mstdout[2m | src/smoke.test.ts[2m > [22m[2mSmoke Test: Server & Basic Endpoints[2m > [22m[2mshould have all migrations applied[22m[39m
sqlite: applied migration 001_create_core_tables.sql
sqlite: applied migration 001_init.sql
sqlite: applied migration 002_add_template_type.sql
sqlite: applied migration 003_create_runtime_settings.sql
sqlite: applied migration 004_create_campaigns.sql
sqlite: applied migration 005_create_link_clicks.sql
sqlite: applied migration 006_create_leads.sql

[90mstdout[2m | src/smoke.test.ts[2m > [22m[2mSmoke Test: Server & Basic Endpoints[2m > [22m[2mshould load without crashing[22m[39m
sqlite: applied migration 001_create_core_tables.sql
sqlite: applied migration 001_init.sql
sqlite: applied migration 002_add_template_type.sql
sqlite: applied migration 003_create_runtime_settings.sql
sqlite: applied migration 004_create_campaigns.sql
sqlite: applied migration 005_create_link_clicks.sql
sqlite: applied migration 006_create_leads.sql

 [32mΓ£ô[39m src/smoke.test.ts [2m ([22m[2m5 tests[22m[2m)[22m[90m 297[2mms[22m[39m
[90mstdout[2m | src/queue/rate-limiter.test.ts[2m > [22m[2mRateLimiter[2m > [22m[2mshould waitForToken[22m[39m
sqlite: applied migration 001_create_core_tables.sql
sqlite: applied migration 001_init.sql
sqlite: applied migration 002_add_template_type.sql
sqlite: applied migration 003_create_runtime_settings.sql
sqlite: applied migration 004_create_campaigns.sql
sqlite: applied migration 005_create_link_clicks.sql
sqlite: applied migration 006_create_leads.sql

 [32mΓ£ô[39m src/queue/rate-limiter.test.ts [2m ([22m[2m4 tests[22m[2m)[22m[33m 3834[2mms[22m[39m

[2m Test Files [22m [1m[32m22 passed[39m[22m[90m (22)[39m
[2m      Tests [22m [1m[32m112 passed[39m[22m[90m (112)[39m
[2m   Start at [22m 17:59:58
[2m   Duration [22m 17.18s[2m (transform 1.01s, setup 1.22s, collect 7.56s, tests 17.91s, environment 13ms, prepare 10.66s)[22m

